 
****************************************
Report : reference
Design : accumulator_clock_gated
Version: W-2024.09-SP3
Date   : Tue Sep 22 15:24:45 2026
****************************************

Attributes:
    b - black box (unknown)
   bo - allows boundary optimization
    d - dont_touch
   mo - map_only
    h - hierarchical
    n - noncombinational
    r - removable
    s - synthetic operator
    u - contains unmapped logic

Reference          Library       Unit Area   Count    Total Area   Attributes
-----------------------------------------------------------------------------
AND2x2_ASAP7_75t_R asap7sc7p5t_SIMPLE_RVT_TT_08302018
                                  1.399680      16     22.394880  
AOI21xp33_ASAP7_75t_R
                   asap7sc7p5t_AO_RVT_TT_08302018
                                  1.166400       1      1.166400  
AOI22xp33_ASAP7_75t_R
                   asap7sc7p5t_AO_RVT_TT_08302018
                                  1.399680      15     20.995200  
ASYNC_DFFHx1_ASAP7_75t_R
                   asap7sc7p5t_SEQ_RVT_TT_08302018
                                  6.065280      33    200.154239  n
DLLx1_ASAP7_75t_R  asap7sc7p5t_SEQ_RVT_TT_08302018
                                  3.499200       1      3.499200  n
FAx1_ASAP7_75t_R   asap7sc7p5t_SIMPLE_RVT_TT_08302018
                                  3.265920      31    101.243518  r
HB1xp67_ASAP7_75t_R
                   asap7sc7p5t_INVBUF_RVT_TT_08302018
                                  0.933120       2      1.866240  
INVx1_ASAP7_75t_R  asap7sc7p5t_INVBUF_RVT_TT_08302018
                                  0.699840       1      0.699840  
INVxp33_ASAP7_75t_R
                   asap7sc7p5t_INVBUF_RVT_TT_08302018
                                  0.699840      22     15.396480  
INVxp67_ASAP7_75t_R
                   asap7sc7p5t_INVBUF_RVT_TT_08302018
                                  0.699840      14      9.797760  
NAND2xp33_ASAP7_75t_R
                   asap7sc7p5t_SIMPLE_RVT_TT_08302018
                                  0.933120      33     30.792960  
NAND3xp33_ASAP7_75t_R
                   asap7sc7p5t_SIMPLE_RVT_TT_08302018
                                  1.166400       1      1.166400  
NOR2xp33_ASAP7_75t_R
                   asap7sc7p5t_SIMPLE_RVT_TT_08302018
                                  0.933120       2      1.866240  
OAI21xp33_ASAP7_75t_R
                   asap7sc7p5t_OA_RVT_TT_08302018
                                  1.166400      16     18.662399  
TIELOx1_ASAP7_75t_R
                   asap7sc7p5t_SIMPLE_RVT_TT_08302018
                                  0.699840       1      0.699840  
-----------------------------------------------------------------------------
Total 15 references                                   430.401597
1
