 
****************************************
Report : timing
        -path full
        -delay max
        -max_paths 10
Design : accumulator_power_gated
Version: W-2024.09-SP3
Date   : Sat Sep 19 23:25:50 2026
****************************************

Operating Conditions: PVT_0P7V_25C   Library: asap7sc7p5t_AO_RVT_TT_08302018
Wire Load Model Mode: top

  Startpoint: enable (input port clocked by clk)
  Endpoint: acc_out_reg_31_
            (rising edge-triggered flip-flop clocked by clk)
  Path Group: clk
  Path Type: max

  Point                                                   Incr       Path
  --------------------------------------------------------------------------
  clock clk (rise edge)                                   0.00       0.00
  clock network delay (ideal)                             0.00       0.00
  input external delay                                 1000.00    1000.00 f
  enable (in)                                             0.00    1000.00 f
  U151/Y (HB1xp67_ASAP7_75t_R)                          108.66    1108.66 f
  U173/Y (NAND2xp33_ASAP7_75t_R)                         77.02    1185.68 r
  add_x_2_U76/CON (FAx1_ASAP7_75t_R)                     39.49    1225.17 f
  add_x_2_U75/CON (FAx1_ASAP7_75t_R)                     34.47    1259.65 r
  add_x_2_U71/CON (FAx1_ASAP7_75t_R)                     30.66    1290.31 f
  add_x_2_U70/CON (FAx1_ASAP7_75t_R)                     34.47    1324.78 r
  add_x_2_U66/CON (FAx1_ASAP7_75t_R)                     30.66    1355.44 f
  add_x_2_U65/CON (FAx1_ASAP7_75t_R)                     34.47    1389.91 r
  add_x_2_U61/CON (FAx1_ASAP7_75t_R)                     33.46    1423.38 f
  add_x_2_U60/CON (FAx1_ASAP7_75t_R)                     34.47    1457.85 r
  add_x_2_U56/CON (FAx1_ASAP7_75t_R)                     30.66    1488.51 f
  add_x_2_U55/CON (FAx1_ASAP7_75t_R)                     34.47    1522.99 r
  add_x_2_U51/CON (FAx1_ASAP7_75t_R)                     30.66    1553.65 f
  add_x_2_U50/CON (FAx1_ASAP7_75t_R)                     34.47    1588.12 r
  add_x_2_U46/CON (FAx1_ASAP7_75t_R)                     30.66    1618.78 f
  add_x_2_U45/CON (FAx1_ASAP7_75t_R)                     34.47    1653.25 r
  add_x_2_U41/CON (FAx1_ASAP7_75t_R)                     30.66    1683.91 f
  add_x_2_U40/CON (FAx1_ASAP7_75t_R)                     34.47    1718.39 r
  add_x_2_U36/CON (FAx1_ASAP7_75t_R)                     30.66    1749.05 f
  add_x_2_U35/CON (FAx1_ASAP7_75t_R)                     34.47    1783.52 r
  add_x_2_U31/CON (FAx1_ASAP7_75t_R)                     30.66    1814.18 f
  add_x_2_U30/CON (FAx1_ASAP7_75t_R)                     34.47    1848.66 r
  add_x_2_U26/CON (FAx1_ASAP7_75t_R)                     33.46    1882.12 f
  add_x_2_U25/CON (FAx1_ASAP7_75t_R)                     34.47    1916.60 r
  add_x_2_U21/CON (FAx1_ASAP7_75t_R)                     30.66    1947.25 f
  add_x_2_U20/CON (FAx1_ASAP7_75t_R)                     34.47    1981.73 r
  add_x_2_U16/CON (FAx1_ASAP7_75t_R)                     30.66    2012.39 f
  add_x_2_U15/CON (FAx1_ASAP7_75t_R)                     34.47    2046.86 r
  add_x_2_U11/CON (FAx1_ASAP7_75t_R)                     30.66    2077.52 f
  add_x_2_U10/CON (FAx1_ASAP7_75t_R)                     34.47    2112.00 r
  add_x_2_U6/CON (FAx1_ASAP7_75t_R)                      30.66    2142.66 f
  add_x_2_U5/CON (FAx1_ASAP7_75t_R)                      34.47    2177.13 r
  add_x_2_U1/SN (FAx1_ASAP7_75t_R)                       40.62    2217.75 f
  U238/Y (NAND2xp33_ASAP7_75t_R)                         17.89    2235.64 r
  U239/Y (OAI21xp33_ASAP7_75t_R)                         20.74    2256.38 f
  acc_out_reg_31_/D (ASYNC_DFFHx1_ASAP7_75t_R)            0.00    2256.38 f
  data arrival time                                               2256.38

  clock clk (rise edge)                               10000.00   10000.00
  clock network delay (ideal)                             0.00   10000.00
  clock uncertainty                                    -100.00    9900.00
  acc_out_reg_31_/CLK (ASYNC_DFFHx1_ASAP7_75t_R)          0.00    9900.00 r
  library setup time                                    -14.36    9885.64
  data required time                                              9885.64
  --------------------------------------------------------------------------
  data required time                                              9885.64
  data arrival time                                              -2256.38
  --------------------------------------------------------------------------
  slack (MET)                                                     7629.26


  Startpoint: enable (input port clocked by clk)
  Endpoint: overflow_reg
            (rising edge-triggered flip-flop clocked by clk)
  Path Group: clk
  Path Type: max

  Point                                                   Incr       Path
  --------------------------------------------------------------------------
  clock clk (rise edge)                                   0.00       0.00
  clock network delay (ideal)                             0.00       0.00
  input external delay                                 1000.00    1000.00 f
  enable (in)                                             0.00    1000.00 f
  U151/Y (HB1xp67_ASAP7_75t_R)                          108.66    1108.66 f
  U173/Y (NAND2xp33_ASAP7_75t_R)                         77.02    1185.68 r
  add_x_2_U76/CON (FAx1_ASAP7_75t_R)                     39.49    1225.17 f
  add_x_2_U75/CON (FAx1_ASAP7_75t_R)                     34.47    1259.65 r
  add_x_2_U71/CON (FAx1_ASAP7_75t_R)                     30.66    1290.31 f
  add_x_2_U70/CON (FAx1_ASAP7_75t_R)                     34.47    1324.78 r
  add_x_2_U66/CON (FAx1_ASAP7_75t_R)                     30.66    1355.44 f
  add_x_2_U65/CON (FAx1_ASAP7_75t_R)                     34.47    1389.91 r
  add_x_2_U61/CON (FAx1_ASAP7_75t_R)                     33.46    1423.38 f
  add_x_2_U60/CON (FAx1_ASAP7_75t_R)                     34.47    1457.85 r
  add_x_2_U56/CON (FAx1_ASAP7_75t_R)                     30.66    1488.51 f
  add_x_2_U55/CON (FAx1_ASAP7_75t_R)                     34.47    1522.99 r
  add_x_2_U51/CON (FAx1_ASAP7_75t_R)                     30.66    1553.65 f
  add_x_2_U50/CON (FAx1_ASAP7_75t_R)                     34.47    1588.12 r
  add_x_2_U46/CON (FAx1_ASAP7_75t_R)                     30.66    1618.78 f
  add_x_2_U45/CON (FAx1_ASAP7_75t_R)                     34.47    1653.25 r
  add_x_2_U41/CON (FAx1_ASAP7_75t_R)                     30.66    1683.91 f
  add_x_2_U40/CON (FAx1_ASAP7_75t_R)                     34.47    1718.39 r
  add_x_2_U36/CON (FAx1_ASAP7_75t_R)                     30.66    1749.05 f
  add_x_2_U35/CON (FAx1_ASAP7_75t_R)                     34.47    1783.52 r
  add_x_2_U31/CON (FAx1_ASAP7_75t_R)                     30.66    1814.18 f
  add_x_2_U30/CON (FAx1_ASAP7_75t_R)                     34.47    1848.66 r
  add_x_2_U26/CON (FAx1_ASAP7_75t_R)                     33.46    1882.12 f
  add_x_2_U25/CON (FAx1_ASAP7_75t_R)                     34.47    1916.60 r
  add_x_2_U21/CON (FAx1_ASAP7_75t_R)                     30.66    1947.25 f
  add_x_2_U20/CON (FAx1_ASAP7_75t_R)                     34.47    1981.73 r
  add_x_2_U16/CON (FAx1_ASAP7_75t_R)                     30.66    2012.39 f
  add_x_2_U15/CON (FAx1_ASAP7_75t_R)                     34.47    2046.86 r
  add_x_2_U11/CON (FAx1_ASAP7_75t_R)                     30.66    2077.52 f
  add_x_2_U10/CON (FAx1_ASAP7_75t_R)                     34.47    2112.00 r
  add_x_2_U6/CON (FAx1_ASAP7_75t_R)                      30.66    2142.66 f
  add_x_2_U5/CON (FAx1_ASAP7_75t_R)                      34.47    2177.13 r
  add_x_2_U1/CON (FAx1_ASAP7_75t_R)                      24.06    2201.19 f
  U240/Y (AND2x2_ASAP7_75t_R)                            25.31    2226.50 f
  overflow_reg/D (ASYNC_DFFHx1_ASAP7_75t_R)               0.00    2226.50 f
  data arrival time                                               2226.50

  clock clk (rise edge)                               10000.00   10000.00
  clock network delay (ideal)                             0.00   10000.00
  clock uncertainty                                    -100.00    9900.00
  overflow_reg/CLK (ASYNC_DFFHx1_ASAP7_75t_R)             0.00    9900.00 r
  library setup time                                     -9.41    9890.59
  data required time                                              9890.59
  --------------------------------------------------------------------------
  data required time                                              9890.59
  data arrival time                                              -2226.50
  --------------------------------------------------------------------------
  slack (MET)                                                     7664.09


  Startpoint: enable (input port clocked by clk)
  Endpoint: acc_out_reg_30_
            (rising edge-triggered flip-flop clocked by clk)
  Path Group: clk
  Path Type: max

  Point                                                   Incr       Path
  --------------------------------------------------------------------------
  clock clk (rise edge)                                   0.00       0.00
  clock network delay (ideal)                             0.00       0.00
  input external delay                                 1000.00    1000.00 f
  enable (in)                                             0.00    1000.00 f
  U151/Y (HB1xp67_ASAP7_75t_R)                          108.66    1108.66 f
  U173/Y (NAND2xp33_ASAP7_75t_R)                         77.02    1185.68 r
  add_x_2_U76/CON (FAx1_ASAP7_75t_R)                     39.49    1225.17 f
  add_x_2_U75/CON (FAx1_ASAP7_75t_R)                     34.47    1259.65 r
  add_x_2_U71/CON (FAx1_ASAP7_75t_R)                     30.66    1290.31 f
  add_x_2_U70/CON (FAx1_ASAP7_75t_R)                     34.47    1324.78 r
  add_x_2_U66/CON (FAx1_ASAP7_75t_R)                     30.66    1355.44 f
  add_x_2_U65/CON (FAx1_ASAP7_75t_R)                     34.47    1389.91 r
  add_x_2_U61/CON (FAx1_ASAP7_75t_R)                     33.46    1423.38 f
  add_x_2_U60/CON (FAx1_ASAP7_75t_R)                     34.47    1457.85 r
  add_x_2_U56/CON (FAx1_ASAP7_75t_R)                     30.66    1488.51 f
  add_x_2_U55/CON (FAx1_ASAP7_75t_R)                     34.47    1522.99 r
  add_x_2_U51/CON (FAx1_ASAP7_75t_R)                     30.66    1553.65 f
  add_x_2_U50/CON (FAx1_ASAP7_75t_R)                     34.47    1588.12 r
  add_x_2_U46/CON (FAx1_ASAP7_75t_R)                     30.66    1618.78 f
  add_x_2_U45/CON (FAx1_ASAP7_75t_R)                     34.47    1653.25 r
  add_x_2_U41/CON (FAx1_ASAP7_75t_R)                     30.66    1683.91 f
  add_x_2_U40/CON (FAx1_ASAP7_75t_R)                     34.47    1718.39 r
  add_x_2_U36/CON (FAx1_ASAP7_75t_R)                     30.66    1749.05 f
  add_x_2_U35/CON (FAx1_ASAP7_75t_R)                     34.47    1783.52 r
  add_x_2_U31/CON (FAx1_ASAP7_75t_R)                     30.66    1814.18 f
  add_x_2_U30/CON (FAx1_ASAP7_75t_R)                     34.47    1848.66 r
  add_x_2_U26/CON (FAx1_ASAP7_75t_R)                     33.46    1882.12 f
  add_x_2_U25/CON (FAx1_ASAP7_75t_R)                     34.47    1916.60 r
  add_x_2_U21/CON (FAx1_ASAP7_75t_R)                     30.66    1947.25 f
  add_x_2_U20/CON (FAx1_ASAP7_75t_R)                     34.47    1981.73 r
  add_x_2_U16/CON (FAx1_ASAP7_75t_R)                     30.66    2012.39 f
  add_x_2_U15/CON (FAx1_ASAP7_75t_R)                     34.47    2046.86 r
  add_x_2_U11/CON (FAx1_ASAP7_75t_R)                     30.66    2077.52 f
  add_x_2_U10/CON (FAx1_ASAP7_75t_R)                     34.47    2112.00 r
  add_x_2_U6/CON (FAx1_ASAP7_75t_R)                      30.66    2142.66 f
  add_x_2_U5/CON (FAx1_ASAP7_75t_R)                      34.47    2177.13 r
  add_x_2_U5/SN (FAx1_ASAP7_75t_R)                       17.18    2194.31 f
  U237/Y (AOI22xp33_ASAP7_75t_R)                         24.53    2218.84 r
  acc_out_reg_30_/D (ASYNC_DFFHx1_ASAP7_75t_R)            0.00    2218.84 r
  data arrival time                                               2218.84

  clock clk (rise edge)                               10000.00   10000.00
  clock network delay (ideal)                             0.00   10000.00
  clock uncertainty                                    -100.00    9900.00
  acc_out_reg_30_/CLK (ASYNC_DFFHx1_ASAP7_75t_R)          0.00    9900.00 r
  library setup time                                    -14.33    9885.67
  data required time                                              9885.67
  --------------------------------------------------------------------------
  data required time                                              9885.67
  data arrival time                                              -2218.84
  --------------------------------------------------------------------------
  slack (MET)                                                     7666.82


  Startpoint: enable (input port clocked by clk)
  Endpoint: acc_out_reg_29_
            (rising edge-triggered flip-flop clocked by clk)
  Path Group: clk
  Path Type: max

  Point                                                   Incr       Path
  --------------------------------------------------------------------------
  clock clk (rise edge)                                   0.00       0.00
  clock network delay (ideal)                             0.00       0.00
  input external delay                                 1000.00    1000.00 r
  enable (in)                                             0.00    1000.00 r
  U151/Y (HB1xp67_ASAP7_75t_R)                          124.75    1124.75 r
  U172/Y (NAND3xp33_ASAP7_75t_R)                         56.32    1181.07 f
  add_x_2_U76/CON (FAx1_ASAP7_75t_R)                     42.67    1223.74 r
  add_x_2_U75/CON (FAx1_ASAP7_75t_R)                     31.53    1255.27 f
  add_x_2_U71/CON (FAx1_ASAP7_75t_R)                     33.95    1289.22 r
  add_x_2_U70/CON (FAx1_ASAP7_75t_R)                     30.93    1320.15 f
  add_x_2_U66/CON (FAx1_ASAP7_75t_R)                     33.95    1354.10 r
  add_x_2_U65/CON (FAx1_ASAP7_75t_R)                     30.93    1385.03 f
  add_x_2_U61/CON (FAx1_ASAP7_75t_R)                     37.52    1422.55 r
  add_x_2_U60/CON (FAx1_ASAP7_75t_R)                     30.93    1453.48 f
  add_x_2_U56/CON (FAx1_ASAP7_75t_R)                     33.95    1487.43 r
  add_x_2_U55/CON (FAx1_ASAP7_75t_R)                     30.93    1518.36 f
  add_x_2_U51/CON (FAx1_ASAP7_75t_R)                     33.95    1552.31 r
  add_x_2_U50/CON (FAx1_ASAP7_75t_R)                     30.93    1583.24 f
  add_x_2_U46/CON (FAx1_ASAP7_75t_R)                     33.95    1617.20 r
  add_x_2_U45/CON (FAx1_ASAP7_75t_R)                     30.93    1648.12 f
  add_x_2_U41/CON (FAx1_ASAP7_75t_R)                     33.95    1682.08 r
  add_x_2_U40/CON (FAx1_ASAP7_75t_R)                     30.93    1713.00 f
  add_x_2_U36/CON (FAx1_ASAP7_75t_R)                     33.95    1746.96 r
  add_x_2_U35/CON (FAx1_ASAP7_75t_R)                     30.93    1777.89 f
  add_x_2_U31/CON (FAx1_ASAP7_75t_R)                     33.95    1811.84 r
  add_x_2_U30/CON (FAx1_ASAP7_75t_R)                     30.93    1842.77 f
  add_x_2_U26/CON (FAx1_ASAP7_75t_R)                     37.52    1880.29 r
  add_x_2_U25/CON (FAx1_ASAP7_75t_R)                     30.93    1911.22 f
  add_x_2_U21/CON (FAx1_ASAP7_75t_R)                     33.95    1945.17 r
  add_x_2_U20/CON (FAx1_ASAP7_75t_R)                     30.93    1976.10 f
  add_x_2_U16/CON (FAx1_ASAP7_75t_R)                     33.95    2010.05 r
  add_x_2_U15/CON (FAx1_ASAP7_75t_R)                     30.93    2040.98 f
  add_x_2_U11/CON (FAx1_ASAP7_75t_R)                     33.95    2074.93 r
  add_x_2_U10/CON (FAx1_ASAP7_75t_R)                     30.93    2105.86 f
  add_x_2_U6/CON (FAx1_ASAP7_75t_R)                      33.95    2139.82 r
  add_x_2_U6/SN (FAx1_ASAP7_75t_R)                       16.66    2156.47 f
  U235/Y (NAND2xp33_ASAP7_75t_R)                         17.89    2174.37 r
  U236/Y (OAI21xp33_ASAP7_75t_R)                         20.74    2195.11 f
  acc_out_reg_29_/D (ASYNC_DFFHx1_ASAP7_75t_R)            0.00    2195.11 f
  data arrival time                                               2195.11

  clock clk (rise edge)                               10000.00   10000.00
  clock network delay (ideal)                             0.00   10000.00
  clock uncertainty                                    -100.00    9900.00
  acc_out_reg_29_/CLK (ASYNC_DFFHx1_ASAP7_75t_R)          0.00    9900.00 r
  library setup time                                    -14.36    9885.64
  data required time                                              9885.64
  --------------------------------------------------------------------------
  data required time                                              9885.64
  data arrival time                                              -2195.11
  --------------------------------------------------------------------------
  slack (MET)                                                     7690.53


  Startpoint: enable (input port clocked by clk)
  Endpoint: acc_out_reg_28_
            (rising edge-triggered flip-flop clocked by clk)
  Path Group: clk
  Path Type: max

  Point                                                   Incr       Path
  --------------------------------------------------------------------------
  clock clk (rise edge)                                   0.00       0.00
  clock network delay (ideal)                             0.00       0.00
  input external delay                                 1000.00    1000.00 f
  enable (in)                                             0.00    1000.00 f
  U151/Y (HB1xp67_ASAP7_75t_R)                          108.66    1108.66 f
  U173/Y (NAND2xp33_ASAP7_75t_R)                         77.02    1185.68 r
  add_x_2_U76/CON (FAx1_ASAP7_75t_R)                     39.49    1225.17 f
  add_x_2_U75/CON (FAx1_ASAP7_75t_R)                     34.47    1259.65 r
  add_x_2_U71/CON (FAx1_ASAP7_75t_R)                     30.66    1290.31 f
  add_x_2_U70/CON (FAx1_ASAP7_75t_R)                     34.47    1324.78 r
  add_x_2_U66/CON (FAx1_ASAP7_75t_R)                     30.66    1355.44 f
  add_x_2_U65/CON (FAx1_ASAP7_75t_R)                     34.47    1389.91 r
  add_x_2_U61/CON (FAx1_ASAP7_75t_R)                     33.46    1423.38 f
  add_x_2_U60/CON (FAx1_ASAP7_75t_R)                     34.47    1457.85 r
  add_x_2_U56/CON (FAx1_ASAP7_75t_R)                     30.66    1488.51 f
  add_x_2_U55/CON (FAx1_ASAP7_75t_R)                     34.47    1522.99 r
  add_x_2_U51/CON (FAx1_ASAP7_75t_R)                     30.66    1553.65 f
  add_x_2_U50/CON (FAx1_ASAP7_75t_R)                     34.47    1588.12 r
  add_x_2_U46/CON (FAx1_ASAP7_75t_R)                     30.66    1618.78 f
  add_x_2_U45/CON (FAx1_ASAP7_75t_R)                     34.47    1653.25 r
  add_x_2_U41/CON (FAx1_ASAP7_75t_R)                     30.66    1683.91 f
  add_x_2_U40/CON (FAx1_ASAP7_75t_R)                     34.47    1718.39 r
  add_x_2_U36/CON (FAx1_ASAP7_75t_R)                     30.66    1749.05 f
  add_x_2_U35/CON (FAx1_ASAP7_75t_R)                     34.47    1783.52 r
  add_x_2_U31/CON (FAx1_ASAP7_75t_R)                     30.66    1814.18 f
  add_x_2_U30/CON (FAx1_ASAP7_75t_R)                     34.47    1848.66 r
  add_x_2_U26/CON (FAx1_ASAP7_75t_R)                     33.46    1882.12 f
  add_x_2_U25/CON (FAx1_ASAP7_75t_R)                     34.47    1916.60 r
  add_x_2_U21/CON (FAx1_ASAP7_75t_R)                     30.66    1947.25 f
  add_x_2_U20/CON (FAx1_ASAP7_75t_R)                     34.47    1981.73 r
  add_x_2_U16/CON (FAx1_ASAP7_75t_R)                     30.66    2012.39 f
  add_x_2_U15/CON (FAx1_ASAP7_75t_R)                     34.47    2046.86 r
  add_x_2_U11/CON (FAx1_ASAP7_75t_R)                     30.66    2077.52 f
  add_x_2_U10/CON (FAx1_ASAP7_75t_R)                     34.47    2112.00 r
  add_x_2_U10/SN (FAx1_ASAP7_75t_R)                      17.18    2129.17 f
  U234/Y (AOI22xp33_ASAP7_75t_R)                         24.53    2153.71 r
  acc_out_reg_28_/D (ASYNC_DFFHx1_ASAP7_75t_R)            0.00    2153.71 r
  data arrival time                                               2153.71

  clock clk (rise edge)                               10000.00   10000.00
  clock network delay (ideal)                             0.00   10000.00
  clock uncertainty                                    -100.00    9900.00
  acc_out_reg_28_/CLK (ASYNC_DFFHx1_ASAP7_75t_R)          0.00    9900.00 r
  library setup time                                    -14.33    9885.67
  data required time                                              9885.67
  --------------------------------------------------------------------------
  data required time                                              9885.67
  data arrival time                                              -2153.71
  --------------------------------------------------------------------------
  slack (MET)                                                     7731.96


  Startpoint: enable (input port clocked by clk)
  Endpoint: acc_out_reg_27_
            (rising edge-triggered flip-flop clocked by clk)
  Path Group: clk
  Path Type: max

  Point                                                   Incr       Path
  --------------------------------------------------------------------------
  clock clk (rise edge)                                   0.00       0.00
  clock network delay (ideal)                             0.00       0.00
  input external delay                                 1000.00    1000.00 r
  enable (in)                                             0.00    1000.00 r
  U151/Y (HB1xp67_ASAP7_75t_R)                          124.75    1124.75 r
  U172/Y (NAND3xp33_ASAP7_75t_R)                         56.32    1181.07 f
  add_x_2_U76/CON (FAx1_ASAP7_75t_R)                     42.67    1223.74 r
  add_x_2_U75/CON (FAx1_ASAP7_75t_R)                     31.53    1255.27 f
  add_x_2_U71/CON (FAx1_ASAP7_75t_R)                     33.95    1289.22 r
  add_x_2_U70/CON (FAx1_ASAP7_75t_R)                     30.93    1320.15 f
  add_x_2_U66/CON (FAx1_ASAP7_75t_R)                     33.95    1354.10 r
  add_x_2_U65/CON (FAx1_ASAP7_75t_R)                     30.93    1385.03 f
  add_x_2_U61/CON (FAx1_ASAP7_75t_R)                     37.52    1422.55 r
  add_x_2_U60/CON (FAx1_ASAP7_75t_R)                     30.93    1453.48 f
  add_x_2_U56/CON (FAx1_ASAP7_75t_R)                     33.95    1487.43 r
  add_x_2_U55/CON (FAx1_ASAP7_75t_R)                     30.93    1518.36 f
  add_x_2_U51/CON (FAx1_ASAP7_75t_R)                     33.95    1552.31 r
  add_x_2_U50/CON (FAx1_ASAP7_75t_R)                     30.93    1583.24 f
  add_x_2_U46/CON (FAx1_ASAP7_75t_R)                     33.95    1617.20 r
  add_x_2_U45/CON (FAx1_ASAP7_75t_R)                     30.93    1648.12 f
  add_x_2_U41/CON (FAx1_ASAP7_75t_R)                     33.95    1682.08 r
  add_x_2_U40/CON (FAx1_ASAP7_75t_R)                     30.93    1713.00 f
  add_x_2_U36/CON (FAx1_ASAP7_75t_R)                     33.95    1746.96 r
  add_x_2_U35/CON (FAx1_ASAP7_75t_R)                     30.93    1777.89 f
  add_x_2_U31/CON (FAx1_ASAP7_75t_R)                     33.95    1811.84 r
  add_x_2_U30/CON (FAx1_ASAP7_75t_R)                     30.93    1842.77 f
  add_x_2_U26/CON (FAx1_ASAP7_75t_R)                     37.52    1880.29 r
  add_x_2_U25/CON (FAx1_ASAP7_75t_R)                     30.93    1911.22 f
  add_x_2_U21/CON (FAx1_ASAP7_75t_R)                     33.95    1945.17 r
  add_x_2_U20/CON (FAx1_ASAP7_75t_R)                     30.93    1976.10 f
  add_x_2_U16/CON (FAx1_ASAP7_75t_R)                     33.95    2010.05 r
  add_x_2_U15/CON (FAx1_ASAP7_75t_R)                     30.93    2040.98 f
  add_x_2_U11/CON (FAx1_ASAP7_75t_R)                     33.95    2074.93 r
  add_x_2_U11/SN (FAx1_ASAP7_75t_R)                      16.66    2091.59 f
  U232/Y (NAND2xp33_ASAP7_75t_R)                         17.89    2109.49 r
  U233/Y (OAI21xp33_ASAP7_75t_R)                         20.74    2130.22 f
  acc_out_reg_27_/D (ASYNC_DFFHx1_ASAP7_75t_R)            0.00    2130.22 f
  data arrival time                                               2130.22

  clock clk (rise edge)                               10000.00   10000.00
  clock network delay (ideal)                             0.00   10000.00
  clock uncertainty                                    -100.00    9900.00
  acc_out_reg_27_/CLK (ASYNC_DFFHx1_ASAP7_75t_R)          0.00    9900.00 r
  library setup time                                    -14.36    9885.64
  data required time                                              9885.64
  --------------------------------------------------------------------------
  data required time                                              9885.64
  data arrival time                                              -2130.22
  --------------------------------------------------------------------------
  slack (MET)                                                     7755.41


  Startpoint: enable (input port clocked by clk)
  Endpoint: acc_out_reg_26_
            (rising edge-triggered flip-flop clocked by clk)
  Path Group: clk
  Path Type: max

  Point                                                   Incr       Path
  --------------------------------------------------------------------------
  clock clk (rise edge)                                   0.00       0.00
  clock network delay (ideal)                             0.00       0.00
  input external delay                                 1000.00    1000.00 f
  enable (in)                                             0.00    1000.00 f
  U151/Y (HB1xp67_ASAP7_75t_R)                          108.66    1108.66 f
  U173/Y (NAND2xp33_ASAP7_75t_R)                         77.02    1185.68 r
  add_x_2_U76/CON (FAx1_ASAP7_75t_R)                     39.49    1225.17 f
  add_x_2_U75/CON (FAx1_ASAP7_75t_R)                     34.47    1259.65 r
  add_x_2_U71/CON (FAx1_ASAP7_75t_R)                     30.66    1290.31 f
  add_x_2_U70/CON (FAx1_ASAP7_75t_R)                     34.47    1324.78 r
  add_x_2_U66/CON (FAx1_ASAP7_75t_R)                     30.66    1355.44 f
  add_x_2_U65/CON (FAx1_ASAP7_75t_R)                     34.47    1389.91 r
  add_x_2_U61/CON (FAx1_ASAP7_75t_R)                     33.46    1423.38 f
  add_x_2_U60/CON (FAx1_ASAP7_75t_R)                     34.47    1457.85 r
  add_x_2_U56/CON (FAx1_ASAP7_75t_R)                     30.66    1488.51 f
  add_x_2_U55/CON (FAx1_ASAP7_75t_R)                     34.47    1522.99 r
  add_x_2_U51/CON (FAx1_ASAP7_75t_R)                     30.66    1553.65 f
  add_x_2_U50/CON (FAx1_ASAP7_75t_R)                     34.47    1588.12 r
  add_x_2_U46/CON (FAx1_ASAP7_75t_R)                     30.66    1618.78 f
  add_x_2_U45/CON (FAx1_ASAP7_75t_R)                     34.47    1653.25 r
  add_x_2_U41/CON (FAx1_ASAP7_75t_R)                     30.66    1683.91 f
  add_x_2_U40/CON (FAx1_ASAP7_75t_R)                     34.47    1718.39 r
  add_x_2_U36/CON (FAx1_ASAP7_75t_R)                     30.66    1749.05 f
  add_x_2_U35/CON (FAx1_ASAP7_75t_R)                     34.47    1783.52 r
  add_x_2_U31/CON (FAx1_ASAP7_75t_R)                     30.66    1814.18 f
  add_x_2_U30/CON (FAx1_ASAP7_75t_R)                     34.47    1848.66 r
  add_x_2_U26/CON (FAx1_ASAP7_75t_R)                     33.46    1882.12 f
  add_x_2_U25/CON (FAx1_ASAP7_75t_R)                     34.47    1916.60 r
  add_x_2_U21/CON (FAx1_ASAP7_75t_R)                     30.66    1947.25 f
  add_x_2_U20/CON (FAx1_ASAP7_75t_R)                     34.47    1981.73 r
  add_x_2_U16/CON (FAx1_ASAP7_75t_R)                     30.66    2012.39 f
  add_x_2_U15/CON (FAx1_ASAP7_75t_R)                     34.47    2046.86 r
  add_x_2_U15/SN (FAx1_ASAP7_75t_R)                      17.18    2064.04 f
  U231/Y (AOI22xp33_ASAP7_75t_R)                         24.53    2088.57 r
  acc_out_reg_26_/D (ASYNC_DFFHx1_ASAP7_75t_R)            0.00    2088.57 r
  data arrival time                                               2088.57

  clock clk (rise edge)                               10000.00   10000.00
  clock network delay (ideal)                             0.00   10000.00
  clock uncertainty                                    -100.00    9900.00
  acc_out_reg_26_/CLK (ASYNC_DFFHx1_ASAP7_75t_R)          0.00    9900.00 r
  library setup time                                    -14.33    9885.67
  data required time                                              9885.67
  --------------------------------------------------------------------------
  data required time                                              9885.67
  data arrival time                                              -2088.57
  --------------------------------------------------------------------------
  slack (MET)                                                     7797.09


  Startpoint: enable (input port clocked by clk)
  Endpoint: acc_out_reg_25_
            (rising edge-triggered flip-flop clocked by clk)
  Path Group: clk
  Path Type: max

  Point                                                   Incr       Path
  --------------------------------------------------------------------------
  clock clk (rise edge)                                   0.00       0.00
  clock network delay (ideal)                             0.00       0.00
  input external delay                                 1000.00    1000.00 r
  enable (in)                                             0.00    1000.00 r
  U151/Y (HB1xp67_ASAP7_75t_R)                          124.75    1124.75 r
  U172/Y (NAND3xp33_ASAP7_75t_R)                         56.32    1181.07 f
  add_x_2_U76/CON (FAx1_ASAP7_75t_R)                     42.67    1223.74 r
  add_x_2_U75/CON (FAx1_ASAP7_75t_R)                     31.53    1255.27 f
  add_x_2_U71/CON (FAx1_ASAP7_75t_R)                     33.95    1289.22 r
  add_x_2_U70/CON (FAx1_ASAP7_75t_R)                     30.93    1320.15 f
  add_x_2_U66/CON (FAx1_ASAP7_75t_R)                     33.95    1354.10 r
  add_x_2_U65/CON (FAx1_ASAP7_75t_R)                     30.93    1385.03 f
  add_x_2_U61/CON (FAx1_ASAP7_75t_R)                     37.52    1422.55 r
  add_x_2_U60/CON (FAx1_ASAP7_75t_R)                     30.93    1453.48 f
  add_x_2_U56/CON (FAx1_ASAP7_75t_R)                     33.95    1487.43 r
  add_x_2_U55/CON (FAx1_ASAP7_75t_R)                     30.93    1518.36 f
  add_x_2_U51/CON (FAx1_ASAP7_75t_R)                     33.95    1552.31 r
  add_x_2_U50/CON (FAx1_ASAP7_75t_R)                     30.93    1583.24 f
  add_x_2_U46/CON (FAx1_ASAP7_75t_R)                     33.95    1617.20 r
  add_x_2_U45/CON (FAx1_ASAP7_75t_R)                     30.93    1648.12 f
  add_x_2_U41/CON (FAx1_ASAP7_75t_R)                     33.95    1682.08 r
  add_x_2_U40/CON (FAx1_ASAP7_75t_R)                     30.93    1713.00 f
  add_x_2_U36/CON (FAx1_ASAP7_75t_R)                     33.95    1746.96 r
  add_x_2_U35/CON (FAx1_ASAP7_75t_R)                     30.93    1777.89 f
  add_x_2_U31/CON (FAx1_ASAP7_75t_R)                     33.95    1811.84 r
  add_x_2_U30/CON (FAx1_ASAP7_75t_R)                     30.93    1842.77 f
  add_x_2_U26/CON (FAx1_ASAP7_75t_R)                     37.52    1880.29 r
  add_x_2_U25/CON (FAx1_ASAP7_75t_R)                     30.93    1911.22 f
  add_x_2_U21/CON (FAx1_ASAP7_75t_R)                     33.95    1945.17 r
  add_x_2_U20/CON (FAx1_ASAP7_75t_R)                     30.93    1976.10 f
  add_x_2_U16/CON (FAx1_ASAP7_75t_R)                     33.95    2010.05 r
  add_x_2_U16/SN (FAx1_ASAP7_75t_R)                      16.66    2026.71 f
  U229/Y (NAND2xp33_ASAP7_75t_R)                         17.89    2044.61 r
  U230/Y (OAI21xp33_ASAP7_75t_R)                         20.74    2065.34 f
  acc_out_reg_25_/D (ASYNC_DFFHx1_ASAP7_75t_R)            0.00    2065.34 f
  data arrival time                                               2065.34

  clock clk (rise edge)                               10000.00   10000.00
  clock network delay (ideal)                             0.00   10000.00
  clock uncertainty                                    -100.00    9900.00
  acc_out_reg_25_/CLK (ASYNC_DFFHx1_ASAP7_75t_R)          0.00    9900.00 r
  library setup time                                    -14.36    9885.64
  data required time                                              9885.64
  --------------------------------------------------------------------------
  data required time                                              9885.64
  data arrival time                                              -2065.34
  --------------------------------------------------------------------------
  slack (MET)                                                     7820.29


  Startpoint: enable (input port clocked by clk)
  Endpoint: acc_out_reg_24_
            (rising edge-triggered flip-flop clocked by clk)
  Path Group: clk
  Path Type: max

  Point                                                   Incr       Path
  --------------------------------------------------------------------------
  clock clk (rise edge)                                   0.00       0.00
  clock network delay (ideal)                             0.00       0.00
  input external delay                                 1000.00    1000.00 f
  enable (in)                                             0.00    1000.00 f
  U151/Y (HB1xp67_ASAP7_75t_R)                          108.66    1108.66 f
  U173/Y (NAND2xp33_ASAP7_75t_R)                         77.02    1185.68 r
  add_x_2_U76/CON (FAx1_ASAP7_75t_R)                     39.49    1225.17 f
  add_x_2_U75/CON (FAx1_ASAP7_75t_R)                     34.47    1259.65 r
  add_x_2_U71/CON (FAx1_ASAP7_75t_R)                     30.66    1290.31 f
  add_x_2_U70/CON (FAx1_ASAP7_75t_R)                     34.47    1324.78 r
  add_x_2_U66/CON (FAx1_ASAP7_75t_R)                     30.66    1355.44 f
  add_x_2_U65/CON (FAx1_ASAP7_75t_R)                     34.47    1389.91 r
  add_x_2_U61/CON (FAx1_ASAP7_75t_R)                     33.46    1423.38 f
  add_x_2_U60/CON (FAx1_ASAP7_75t_R)                     34.47    1457.85 r
  add_x_2_U56/CON (FAx1_ASAP7_75t_R)                     30.66    1488.51 f
  add_x_2_U55/CON (FAx1_ASAP7_75t_R)                     34.47    1522.99 r
  add_x_2_U51/CON (FAx1_ASAP7_75t_R)                     30.66    1553.65 f
  add_x_2_U50/CON (FAx1_ASAP7_75t_R)                     34.47    1588.12 r
  add_x_2_U46/CON (FAx1_ASAP7_75t_R)                     30.66    1618.78 f
  add_x_2_U45/CON (FAx1_ASAP7_75t_R)                     34.47    1653.25 r
  add_x_2_U41/CON (FAx1_ASAP7_75t_R)                     30.66    1683.91 f
  add_x_2_U40/CON (FAx1_ASAP7_75t_R)                     34.47    1718.39 r
  add_x_2_U36/CON (FAx1_ASAP7_75t_R)                     30.66    1749.05 f
  add_x_2_U35/CON (FAx1_ASAP7_75t_R)                     34.47    1783.52 r
  add_x_2_U31/CON (FAx1_ASAP7_75t_R)                     30.66    1814.18 f
  add_x_2_U30/CON (FAx1_ASAP7_75t_R)                     34.47    1848.66 r
  add_x_2_U26/CON (FAx1_ASAP7_75t_R)                     33.46    1882.12 f
  add_x_2_U25/CON (FAx1_ASAP7_75t_R)                     34.47    1916.60 r
  add_x_2_U21/CON (FAx1_ASAP7_75t_R)                     30.66    1947.25 f
  add_x_2_U20/CON (FAx1_ASAP7_75t_R)                     34.47    1981.73 r
  add_x_2_U20/SN (FAx1_ASAP7_75t_R)                      17.18    1998.91 f
  U228/Y (AOI22xp33_ASAP7_75t_R)                         24.53    2023.44 r
  acc_out_reg_24_/D (ASYNC_DFFHx1_ASAP7_75t_R)            0.00    2023.44 r
  data arrival time                                               2023.44

  clock clk (rise edge)                               10000.00   10000.00
  clock network delay (ideal)                             0.00   10000.00
  clock uncertainty                                    -100.00    9900.00
  acc_out_reg_24_/CLK (ASYNC_DFFHx1_ASAP7_75t_R)          0.00    9900.00 r
  library setup time                                    -14.33    9885.67
  data required time                                              9885.67
  --------------------------------------------------------------------------
  data required time                                              9885.67
  data arrival time                                              -2023.44
  --------------------------------------------------------------------------
  slack (MET)                                                     7862.23


  Startpoint: enable (input port clocked by clk)
  Endpoint: acc_out_reg_23_
            (rising edge-triggered flip-flop clocked by clk)
  Path Group: clk
  Path Type: max

  Point                                                   Incr       Path
  --------------------------------------------------------------------------
  clock clk (rise edge)                                   0.00       0.00
  clock network delay (ideal)                             0.00       0.00
  input external delay                                 1000.00    1000.00 r
  enable (in)                                             0.00    1000.00 r
  U151/Y (HB1xp67_ASAP7_75t_R)                          124.75    1124.75 r
  U172/Y (NAND3xp33_ASAP7_75t_R)                         56.32    1181.07 f
  add_x_2_U76/CON (FAx1_ASAP7_75t_R)                     42.67    1223.74 r
  add_x_2_U75/CON (FAx1_ASAP7_75t_R)                     31.53    1255.27 f
  add_x_2_U71/CON (FAx1_ASAP7_75t_R)                     33.95    1289.22 r
  add_x_2_U70/CON (FAx1_ASAP7_75t_R)                     30.93    1320.15 f
  add_x_2_U66/CON (FAx1_ASAP7_75t_R)                     33.95    1354.10 r
  add_x_2_U65/CON (FAx1_ASAP7_75t_R)                     30.93    1385.03 f
  add_x_2_U61/CON (FAx1_ASAP7_75t_R)                     37.52    1422.55 r
  add_x_2_U60/CON (FAx1_ASAP7_75t_R)                     30.93    1453.48 f
  add_x_2_U56/CON (FAx1_ASAP7_75t_R)                     33.95    1487.43 r
  add_x_2_U55/CON (FAx1_ASAP7_75t_R)                     30.93    1518.36 f
  add_x_2_U51/CON (FAx1_ASAP7_75t_R)                     33.95    1552.31 r
  add_x_2_U50/CON (FAx1_ASAP7_75t_R)                     30.93    1583.24 f
  add_x_2_U46/CON (FAx1_ASAP7_75t_R)                     33.95    1617.20 r
  add_x_2_U45/CON (FAx1_ASAP7_75t_R)                     30.93    1648.12 f
  add_x_2_U41/CON (FAx1_ASAP7_75t_R)                     33.95    1682.08 r
  add_x_2_U40/CON (FAx1_ASAP7_75t_R)                     30.93    1713.00 f
  add_x_2_U36/CON (FAx1_ASAP7_75t_R)                     33.95    1746.96 r
  add_x_2_U35/CON (FAx1_ASAP7_75t_R)                     30.93    1777.89 f
  add_x_2_U31/CON (FAx1_ASAP7_75t_R)                     33.95    1811.84 r
  add_x_2_U30/CON (FAx1_ASAP7_75t_R)                     30.93    1842.77 f
  add_x_2_U26/CON (FAx1_ASAP7_75t_R)                     37.52    1880.29 r
  add_x_2_U25/CON (FAx1_ASAP7_75t_R)                     30.93    1911.22 f
  add_x_2_U21/CON (FAx1_ASAP7_75t_R)                     33.95    1945.17 r
  add_x_2_U21/SN (FAx1_ASAP7_75t_R)                      16.66    1961.83 f
  U226/Y (NAND2xp33_ASAP7_75t_R)                         17.89    1979.73 r
  U227/Y (OAI21xp33_ASAP7_75t_R)                         20.74    2000.46 f
  acc_out_reg_23_/D (ASYNC_DFFHx1_ASAP7_75t_R)            0.00    2000.46 f
  data arrival time                                               2000.46

  clock clk (rise edge)                               10000.00   10000.00
  clock network delay (ideal)                             0.00   10000.00
  clock uncertainty                                    -100.00    9900.00
  acc_out_reg_23_/CLK (ASYNC_DFFHx1_ASAP7_75t_R)          0.00    9900.00 r
  library setup time                                    -14.36    9885.64
  data required time                                              9885.64
  --------------------------------------------------------------------------
  data required time                                              9885.64
  data arrival time                                              -2000.46
  --------------------------------------------------------------------------
  slack (MET)                                                     7885.18


1
