 
****************************************
Report : area
Design : accumulator
Version: W-2024.09-SP3
Date   : Thu Sep 17 20:52:33 2026
****************************************

Library(s) Used:

    asap7sc7p5t_AO_RVT_TT_08302018 (File: /home/UFAD/deepesh.kaira/Prime_time_UPF/lib/asap7_db/asap7sc7p5t_AO_RVT_TT_08302018.db)
    asap7sc7p5t_SIMPLE_RVT_TT_08302018 (File: /home/UFAD/deepesh.kaira/Prime_time_UPF/lib/asap7_db/asap7sc7p5t_SIMPLE_RVT_TT_08302018.db)
    asap7sc7p5t_OA_RVT_TT_08302018 (File: /home/UFAD/deepesh.kaira/Prime_time_UPF/lib/asap7_db/asap7sc7p5t_OA_RVT_TT_08302018.db)
    asap7sc7p5t_INVBUF_RVT_TT_08302018 (File: /home/UFAD/deepesh.kaira/Prime_time_UPF/lib/asap7_db/asap7sc7p5t_INVBUF_RVT_TT_08302018.db)
    asap7sc7p5t_SEQ_RVT_TT_08302018 (File: /home/UFAD/deepesh.kaira/Prime_time_UPF/lib/asap7_db/asap7sc7p5t_SEQ_RVT_TT_08302018.db)

Number of ports:                           68
Number of nets:                           234
Number of cells:                          168
Number of combinational cells:            135
Number of sequential cells:                33
Number of macros/black boxes:               0
Number of buf/inv:                         52
Number of references:                      13

Combinational area:                198.287998
Buf/Inv area:                       36.624960
Noncombinational area:             200.154239
Macro/Black Box area:                0.000000
Net Interconnect area:      undefined  (No wire load specified)

Total cell area:                   398.442237
Total area:                 undefined

Hierarchical area distribution
------------------------------

                                  Global cell area          Local cell area
                                  ------------------  --------------------------- 
Hierarchical cell                 Absolute   Percent  Combi-    Noncombi-  Black-
                                  Total      Total    national  national   boxes   Design
--------------------------------  ---------  -------  --------  ---------  ------  ---------
accumulator                        398.4422    100.0  198.2880   200.1542  0.0000  accumulator
--------------------------------  ---------  -------  --------  ---------  ------  ---------
Total                                                 198.2880   200.1542  0.0000

1
