 
****************************************
Report : area
Design : accumulator_power_gated
Version: W-2024.09-SP3
Date   : Sat Sep 19 23:25:50 2026
****************************************

Library(s) Used:

    asap7sc7p5t_SIMPLE_RVT_TT_08302018 (File: /home/UFAD/deepesh.kaira/Prime_time_UPF/lib/asap7_db/asap7sc7p5t_SIMPLE_RVT_TT_08302018.db)
    asap7sc7p5t_OA_RVT_TT_08302018 (File: /home/UFAD/deepesh.kaira/Prime_time_UPF/lib/asap7_db/asap7sc7p5t_OA_RVT_TT_08302018.db)
    asap7sc7p5t_AO_RVT_TT_08302018 (File: /home/UFAD/deepesh.kaira/Prime_time_UPF/lib/asap7_db/asap7sc7p5t_AO_RVT_TT_08302018.db)
    asap7sc7p5t_INVBUF_RVT_TT_08302018 (File: /home/UFAD/deepesh.kaira/Prime_time_UPF/lib/asap7_db/asap7sc7p5t_INVBUF_RVT_TT_08302018.db)
    asap7sc7p5t_SEQ_RVT_TT_08302018 (File: /home/UFAD/deepesh.kaira/Prime_time_UPF/lib/asap7_db/asap7sc7p5t_SEQ_RVT_TT_08302018.db)

Number of ports:                           68
Number of nets:                           251
Number of cells:                          185
Number of combinational cells:            152
Number of sequential cells:                33
Number of macros/black boxes:               0
Number of buf/inv:                         38
Number of references:                      13

Combinational area:                224.182078
Buf/Inv area:                       27.060480
Noncombinational area:             200.154239
Macro/Black Box area:                0.000000
Net Interconnect area:      undefined  (No wire load specified)

Total cell area:                   424.336317
Total area:                 undefined

Hierarchical area distribution
------------------------------

                                  Global cell area          Local cell area
                                  ------------------  --------------------------- 
Hierarchical cell                 Absolute   Percent  Combi-    Noncombi-  Black-
                                  Total      Total    national  national   boxes   Design
--------------------------------  ---------  -------  --------  ---------  ------  ---------
accumulator_power_gated            424.3363    100.0  224.1821   200.1542  0.0000  accumulator_power_gated
--------------------------------  ---------  -------  --------  ---------  ------  ---------
Total                                                 224.1821   200.1542  0.0000

1
