Information: Updating design information... (UID-85)
 
****************************************
Report : qor
Design : accumulator
Version: W-2024.09-SP3
Date   : Thu Sep 17 20:52:33 2026
****************************************


  Timing Path Group 'clk'
  -----------------------------------
  Levels of Logic:              35.00
  Critical Path Length:       1086.93
  Critical Path Slack:        7797.57
  Critical Path Clk Period:  10000.00
  Total Negative Slack:          0.00
  No. of Violating Paths:        0.00
  Worst Hold Violation:        -41.11
  Total Hold Violation:      -1061.41
  No. of Hold Violations:       33.00
  -----------------------------------


  Cell Count
  -----------------------------------
  Hierarchical Cell Count:          0
  Hierarchical Port Count:          0
  Leaf Cell Count:                168
  Buf/Inv Cell Count:              52
  Buf Cell Count:                   1
  Inv Cell Count:                  51
  CT Buf/Inv Cell Count:            0
  Combinational Cell Count:       135
  Sequential Cell Count:           33
  Macro Count:                      0
  -----------------------------------


  Area
  -----------------------------------
  Combinational Area:      198.287998
  Noncombinational Area:   200.154239
  Buf/Inv Area:             36.624960
  Total Buffer Area:             0.93
  Total Inverter Area:          35.69
  Macro/Black Box Area:      0.000000
  Net Area:                  0.000000
  -----------------------------------
  Cell Area:               398.442237
  Design Area:             398.442237


  Design Rules
  -----------------------------------
  Total Number of Nets:           234
  Nets With Violations:             0
  Max Trans Violations:             0
  Max Cap Violations:               0
  -----------------------------------


  Hostname: ece-fsi-r430

  Compile CPU Statistics
  -----------------------------------------
  Resource Sharing:                    0.04
  Logic Optimization:                  0.16
  Mapping Optimization:                1.06
  -----------------------------------------
  Overall Compile Time:              130.56
  Overall Compile Wall Clock Time:   131.89

  --------------------------------------------------------------------

  Design  WNS: 0.00  TNS: 0.00  Number of Violating Paths: 0


  Design (Hold)  WNS: 41.11  TNS: 1061.41  Number of Violating Paths: 33

  --------------------------------------------------------------------


1
