****************************************
Report : Switching Activity
	
Design : accumulator_power_gated
Version: W-2024.09-SP5-5
Date   : Sat Sep 19 23:44:35 2026
****************************************

 Switching Activity Overview Statistics for "accumulator_power_gated"
------------------------------------------------------------------------------------------------------------------------------------------------------------------------------------------------------------------
                  From Activity     From         From         From             From            From                                                            Not           From Annotated
Object Type       File (%)          SSA (%)      SSA Force (%) SSA Force (%)   SCA (%)         Clock (%)       Default (%)     Propagated(%)   Implied(%)      Annotated(%)  Waveform(%)         Total
                                                 Annotated    Implied                                                                                                        
------------------------------------------------------------------------------------------------------------------------------------------------------------------------------------------------------------------
 Nets             129(46.07%)       0(0.00%)     0(0.00%)     0(0.00%)         0(0.00%)        0(0.00%)        0(0.00%)        0(0.00%)        38(13.57%)      113(40.36%)   0(0.00%)            280
------------------------------------------------------------------------------------------------------------------------------------------------------------------------------------------------------------------
Nets Driven by
------------------------------------------------------------------------------------------------------------------------------------------------------------------------------------------------------------------
Primary Input     35(100.00%)       0(0.00%)     0(0.00%)     0(0.00%)         0(0.00%)        0(0.00%)        0(0.00%)        0(0.00%)        0(0.00%)        0(0.00%)      0(0.00%)            35
Tri-State         0(0%)             0(0%)        0(0%)        0(0%)            0(0%)           0(0%)           0(0%)           0(0%)           0(0%)           0(0%)         0(0%)               0
Black Box         0(0%)             0(0%)        0(0%)        0(0%)            0(0%)           0(0%)           0(0%)           0(0%)           0(0%)           0(0%)         0(0%)               0
Sequential        0(0.00%)          0(0.00%)     0(0.00%)     0(0.00%)         0(0.00%)        0(0.00%)        0(0.00%)        0(0.00%)        33(100.00%)     0(0.00%)      0(0.00%)            33
Combinational     94(44.34%)        0(0.00%)     0(0.00%)     0(0.00%)         0(0.00%)        0(0.00%)        0(0.00%)        0(0.00%)        5(2.36%)        113(53.30%)   0(0.00%)            212
Memory            0(0%)             0(0%)        0(0%)        0(0%)            0(0%)           0(0%)           0(0%)           0(0%)           0(0%)           0(0%)         0(0%)               0
Clock Gate        0(0%)             0(0%)        0(0%)        0(0%)            0(0%)           0(0%)           0(0%)           0(0%)           0(0%)           0(0%)         0(0%)               0
------------------------------------------------------------------------------------------------------------------------------------------------------------------------------------------------------------------
 Static Probability Overview Statistics for "accumulator_power_gated"
------------------------------------------------------------------------------------------------------------------------------------------------------------------------------------------------------------------
                  From Activity     From         From         From             From            From                                                            Not           From Annotated
Object Type       File (%)          SSA (%)      SSA Force (%) SSA Force (%)   SCA (%)         Clock (%)       Default (%)     Propagated(%)   Implied(%)      Annotated(%)  Waveform(%)         Total
                                                 Annotated    Implied                                                                                                        
------------------------------------------------------------------------------------------------------------------------------------------------------------------------------------------------------------------
 Nets             129(46.07%)       0(0.00%)     0(0.00%)     0(0.00%)         0(0.00%)        0(0.00%)        0(0.00%)        0(0.00%)        38(13.57%)      113(40.36%)   0(0.00%)            280
------------------------------------------------------------------------------------------------------------------------------------------------------------------------------------------------------------------
Nets Driven by
------------------------------------------------------------------------------------------------------------------------------------------------------------------------------------------------------------------
Primary Input     35(100.00%)       0(0.00%)     0(0.00%)     0(0.00%)         0(0.00%)        0(0.00%)        0(0.00%)        0(0.00%)        0(0.00%)        0(0.00%)      0(0.00%)            35
Tri-State         0(0%)             0(0%)        0(0%)        0(0%)            0(0%)           0(0%)           0(0%)           0(0%)           0(0%)           0(0%)         0(0%)               0
Black Box         0(0%)             0(0%)        0(0%)        0(0%)            0(0%)           0(0%)           0(0%)           0(0%)           0(0%)           0(0%)         0(0%)               0
Sequential        0(0.00%)          0(0.00%)     0(0.00%)     0(0.00%)         0(0.00%)        0(0.00%)        0(0.00%)        0(0.00%)        33(100.00%)     0(0.00%)      0(0.00%)            33
Combinational     94(44.34%)        0(0.00%)     0(0.00%)     0(0.00%)         0(0.00%)        0(0.00%)        0(0.00%)        0(0.00%)        5(2.36%)        113(53.30%)   0(0.00%)            212
Memory            0(0%)             0(0%)        0(0%)        0(0%)            0(0%)           0(0%)           0(0%)           0(0%)           0(0%)           0(0%)         0(0%)               0
Clock Gate        0(0%)             0(0%)        0(0%)        0(0%)            0(0%)           0(0%)           0(0%)           0(0%)           0(0%)           0(0%)         0(0%)               0
------------------------------------------------------------------------------------------------------------------------------------------------------------------------------------------------------------------
1
